[GC pause (G1 Evacuation Pause) (young) 69M->27M(1024M), 0.0041192 secs]
[GC pause (G1 Evacuation Pause) (young) 82M->46M(1024M), 0.0041367 secs]
[GC pause (G1 Evacuation Pause) (young) 98M->60M(1024M), 0.0052715 secs]
[GC pause (G1 Evacuation Pause) (young) 131M->83M(1024M), 0.0053336 secs]
[GC pause (G1 Evacuation Pause) (young) 187M->121M(1024M), 0.0052573 secs]
[GC pause (G1 Evacuation Pause) (young) 273M->164M(1024M), 0.0071544 secs]
[GC pause (G1 Evacuation Pause) (young) 315M->207M(1024M), 0.0083531 secs]
[GC pause (G1 Evacuation Pause) (young) 405M->262M(1024M), 0.0087796 secs]
[GC pause (G1 Evacuation Pause) (young) 499M->318M(1024M), 0.0102801 secs]
[GC pause (G1 Humongous Allocation) (young) (initial-mark) 762M->426M(1024M), 0.0155971 secs]
[GC concurrent-root-region-scan-start]
[GC concurrent-root-region-scan-end, 0.0004972 secs]
[GC concurrent-mark-start]
[GC concurrent-mark-end, 0.0023842 secs]
[GC remark, 0.0010997 secs]
[GC cleanup 448M->432M(1024M), 0.0007906 secs]
[GC concurrent-cleanup-start]
[GC concurrent-cleanup-end, 0.0003028 secs]
[GC pause (G1 Evacuation Pause) (young) 757M->477M(1024M), 0.0155776 secs]
[GC pause (G1 Evacuation Pause) (mixed) 486M->405M(1024M), 0.0088653 secs]
[GC pause (G1 Humongous Allocation) (young) (initial-mark) 406M->406M(1024M), 0.0016083 secs]
[GC concurrent-root-region-scan-start]
[GC concurrent-root-region-scan-end, 0.0003661 secs]
[GC concurrent-mark-start]
[GC concurrent-mark-end, 0.0021432 secs]
[GC remark, 0.0012853 secs]
[GC cleanup 435M->430M(1024M), 0.0012528 secs]
[GC concurrent-cleanup-start]
[GC concurrent-cleanup-end, 0.0002377 secs]
[GC pause (G1 Evacuation Pause) (young) 815M->480M(1024M), 0.0109101 secs]
[GC pause (G1 Evacuation Pause) (mixed) 492M->440M(1024M), 0.0070593 secs]
[GC pause (G1 Humongous Allocation) (young) (initial-mark) 442M->440M(1024M), 0.0016668 secs]
[GC concurrent-root-region-scan-start]
[GC concurrent-root-region-scan-end, 0.0003775 secs]
[GC concurrent-mark-start]
[GC concurrent-mark-end, 0.0020338 secs]
[GC remark, 0.0013521 secs]
[GC cleanup 470M->464M(1024M), 0.0015365 secs]
[GC concurrent-cleanup-start]
[GC concurrent-cleanup-end, 0.0004430 secs]
[GC pause (G1 Evacuation Pause) (young) 799M->525M(1024M), 0.0105701 secs]
[GC pause (G1 Evacuation Pause) (mixed) 545M->452M(1024M), 0.0090528 secs]
[GC pause (G1 Humongous Allocation) (young) (initial-mark) 458M->453M(1024M), 0.0019642 secs]
[GC concurrent-root-region-scan-start]
[GC concurrent-root-region-scan-end, 0.0003854 secs]
[GC concurrent-mark-start]
[GC concurrent-mark-end, 0.0021168 secs]
[GC remark, 0.0014212 secs]
[GC cleanup 481M->477M(1024M), 0.0012161 secs]
[GC concurrent-cleanup-start]
[GC concurrent-cleanup-end, 0.0002288 secs]
[GC pause (G1 Evacuation Pause) (young)-- 826M->575M(1024M), 0.0160739 secs]
[GC pause (G1 Evacuation Pause) (mixed) 592M->511M(1024M), 0.0092574 secs]
[GC pause (G1 Humongous Allocation) (young) (initial-mark) 513M->512M(1024M), 0.0018202 secs]
[GC concurrent-root-region-scan-start]
[GC concurrent-root-region-scan-end, 0.0004015 secs]
[GC concurrent-mark-start]
[GC concurrent-mark-end, 0.0022328 secs]
[GC remark, 0.0014909 secs]
[GC cleanup 543M->539M(1024M), 0.0018940 secs]
[GC concurrent-cleanup-start]
[GC concurrent-cleanup-end, 0.0003649 secs]
[GC pause (G1 Evacuation Pause) (young) 837M->581M(1024M), 0.0099501 secs]
[GC pause (G1 Evacuation Pause) (mixed) 605M->498M(1024M), 0.0078845 secs]
[GC pause (G1 Evacuation Pause) (mixed) 558M->478M(1024M), 0.0059564 secs]
[GC pause (G1 Humongous Allocation) (young) (initial-mark) 487M->480M(1024M), 0.0026258 secs]
[GC concurrent-root-region-scan-start]
[GC concurrent-root-region-scan-end, 0.0005231 secs]
[GC concurrent-mark-start]
[GC concurrent-mark-end, 0.0022551 secs]
[GC remark, 0.0013180 secs]
[GC cleanup 510M->507M(1024M), 0.0011529 secs]
[GC concurrent-cleanup-start]
[GC concurrent-cleanup-end, 0.0002550 secs]
[GC pause (G1 Evacuation Pause) (young) 818M->548M(1024M), 0.0105047 secs]
[GC pause (G1 Evacuation Pause) (mixed) 568M->479M(1024M), 0.0099656 secs]
[GC pause (G1 Evacuation Pause) (mixed) 542M->483M(1024M), 0.0043590 secs]
[GC pause (G1 Humongous Allocation) (young) (initial-mark) 489M->484M(1024M), 0.0022007 secs]
[GC concurrent-root-region-scan-start]
[GC concurrent-root-region-scan-end, 0.0003429 secs]
[GC concurrent-mark-start]
[GC concurrent-mark-end, 0.0031004 secs]
[GC remark, 0.0014827 secs]
[GC cleanup 520M->518M(1024M), 0.0012113 secs]
[GC concurrent-cleanup-start]
[GC concurrent-cleanup-end, 0.0002624 secs]
[GC pause (G1 Evacuation Pause) (young)-- 837M->583M(1024M), 0.0112279 secs]
[GC pause (G1 Evacuation Pause) (mixed) 603M->511M(1024M), 0.0102030 secs]
[GC pause (G1 Evacuation Pause) (mixed) 571M->509M(1024M), 0.0043592 secs]
[GC pause (G1 Humongous Allocation) (young) (initial-mark) 510M->509M(1024M), 0.0022198 secs]
[GC concurrent-root-region-scan-start]
[GC concurrent-root-region-scan-end, 0.0003734 secs]
[GC concurrent-mark-start]
[GC concurrent-mark-end, 0.0020989 secs]
[GC remark, 0.0012326 secs]
[GC cleanup 537M->534M(1024M), 0.0011314 secs]
[GC concurrent-cleanup-start]
[GC concurrent-cleanup-end, 0.0003328 secs]
执行结束!共生成对象次数:16056