[GC pause (G1 Evacuation Pause) (young) 36M->14M(512M), 0.0030038 secs]
[GC pause (G1 Evacuation Pause) (young) 39M->23M(512M), 0.0032060 secs]
[GC pause (G1 Evacuation Pause) (young) 65M->38M(512M), 0.0036978 secs]
[GC pause (G1 Evacuation Pause) (young) 101M->60M(512M), 0.0042561 secs]
[GC pause (G1 Evacuation Pause) (young) 133M->86M(512M), 0.0047386 secs]
[GC pause (G1 Evacuation Pause) (young) 192M->121M(512M), 0.0055904 secs]
[GC pause (G1 Evacuation Pause) (young) 248M->158M(512M), 0.0066857 secs]
[GC pause (G1 Humongous Allocation) (young) (initial-mark) 335M->206M(512M), 0.0078423 secs]
[GC concurrent-root-region-scan-start]
[GC concurrent-root-region-scan-end, 0.0014173 secs]
[GC concurrent-mark-start]
[GC concurrent-mark-end, 0.0014241 secs]
[GC remark, 0.0012576 secs]
[GC cleanup 235M->235M(512M), 0.0015860 secs]
[GC pause (G1 Evacuation Pause) (young)-- 412M->343M(512M), 0.0077730 secs]
[GC pause (G1 Evacuation Pause) (mixed) 347M->326M(512M), 0.0043078 secs]
[GC pause (G1 Humongous Allocation) (young) (initial-mark) 330M->327M(512M), 0.0018141 secs]
[GC concurrent-root-region-scan-start]
[GC concurrent-root-region-scan-end, 0.0004447 secs]
[GC concurrent-mark-start]
[GC concurrent-mark-end, 0.0016248 secs]
[GC remark, 0.0015806 secs]
[GC cleanup 348M->347M(512M), 0.0010676 secs]
[GC concurrent-cleanup-start]
[GC concurrent-cleanup-end, 0.0002477 secs]
[GC pause (G1 Evacuation Pause) (young) 410M->342M(512M), 0.0041632 secs]
[GC pause (G1 Evacuation Pause) (mixed) 361M->299M(512M), 0.0033578 secs]
[GC pause (G1 Evacuation Pause) (mixed) 326M->270M(512M), 0.0041375 secs]
[GC pause (G1 Evacuation Pause) (mixed) 294M->264M(512M), 0.0036655 secs]
[GC pause (G1 Humongous Allocation) (young) (initial-mark) 265M->265M(512M), 0.0012344 secs]
[GC concurrent-root-region-scan-start]
[GC concurrent-root-region-scan-end, 0.0005799 secs]
[GC concurrent-mark-start]
[GC concurrent-mark-end, 0.0031759 secs]
[GC remark, 0.0014876 secs]
[GC cleanup 305M->305M(512M), 0.0012680 secs]
[GC pause (G1 Evacuation Pause) (young) 410M->306M(512M), 0.0061660 secs]
[GC pause (G1 Evacuation Pause) (mixed) 316M->286M(512M), 0.0058553 secs]
[GC pause (G1 Humongous Allocation) (young) (initial-mark) 287M->287M(512M), 0.0016499 secs]
[GC concurrent-root-region-scan-start]
[GC concurrent-root-region-scan-end, 0.0004071 secs]
[GC concurrent-mark-start]
[GC concurrent-mark-end, 0.0014539 secs]
[GC remark, 0.0019672 secs]
[GC cleanup 312M->312M(512M), 0.0013372 secs]
[GC pause (G1 Evacuation Pause) (young) 410M->323M(512M), 0.0053556 secs]
[GC pause (G1 Evacuation Pause) (mixed) 338M->301M(512M), 0.0051087 secs]
[GC pause (G1 Humongous Allocation) (young) (initial-mark) 321M->305M(512M), 0.0019696 secs]
[GC concurrent-root-region-scan-start]
[GC concurrent-root-region-scan-end, 0.0003914 secs]
[GC concurrent-mark-start]
[GC concurrent-mark-end, 0.0014487 secs]
[GC remark, 0.0011618 secs]
[GC cleanup 325M->325M(512M), 0.0016665 secs]
[GC pause (G1 Evacuation Pause) (young) 415M->335M(512M), 0.0051353 secs]
[GC pause (G1 Evacuation Pause) (mixed) 351M->311M(512M), 0.0057864 secs]
[GC pause (G1 Evacuation Pause) (mixed) 340M->320M(512M), 0.0027390 secs]
[GC pause (G1 Humongous Allocation) (young) (initial-mark) 328M->323M(512M), 0.0018516 secs]
[GC concurrent-root-region-scan-start]
[GC concurrent-root-region-scan-end, 0.0003732 secs]
[GC concurrent-mark-start]
[GC concurrent-mark-end, 0.0014885 secs]
[GC remark, 0.0012072 secs]
[GC cleanup 346M->346M(512M), 0.0009272 secs]
[GC pause (G1 Evacuation Pause) (young) 413M->349M(512M), 0.0039822 secs]
[GC pause (G1 Evacuation Pause) (mixed) 367M->323M(512M), 0.0060404 secs]
[GC pause (G1 Evacuation Pause) (mixed) 352M->330M(512M), 0.0034281 secs]
[GC pause (G1 Humongous Allocation) (young) (initial-mark) 332M->331M(512M), 0.0013665 secs]
[GC concurrent-root-region-scan-start]
[GC concurrent-root-region-scan-end, 0.0005278 secs]
[GC concurrent-mark-start]
[GC concurrent-mark-end, 0.0020515 secs]
[GC remark, 0.0012710 secs]
[GC cleanup 361M->361M(512M), 0.0010686 secs]
[GC pause (G1 Evacuation Pause) (young) 409M->354M(512M), 0.0040005 secs]
[GC pause (G1 Evacuation Pause) (mixed) 375M->337M(512M), 0.0060074 secs]
[GC pause (G1 Humongous Allocation) (young) (initial-mark) 340M->339M(512M), 0.0019866 secs]
[GC concurrent-root-region-scan-start]
[GC concurrent-root-region-scan-end, 0.0003636 secs]
[GC concurrent-mark-start]
[GC concurrent-mark-end, 0.0015874 secs]
[GC remark, 0.0013141 secs]
[GC cleanup 365M->365M(512M), 0.0010736 secs]
[GC pause (G1 Evacuation Pause) (young) 401M->354M(512M), 0.0038005 secs]
[GC pause (G1 Evacuation Pause) (mixed) 379M->343M(512M), 0.0056370 secs]
[GC pause (G1 Humongous Allocation) (young) (initial-mark) 344M->343M(512M), 0.0014506 secs]
[GC concurrent-root-region-scan-start]
[GC concurrent-root-region-scan-end, 0.0004791 secs]
[GC concurrent-mark-start]
[GC concurrent-mark-end, 0.0017760 secs]
[GC remark, 0.0013252 secs]
[GC cleanup 373M->373M(512M), 0.0011536 secs]
[GC pause (G1 Evacuation Pause) (young) 401M->358M(512M), 0.0034937 secs]
[GC pause (G1 Evacuation Pause) (mixed) 378M->345M(512M), 0.0063431 secs]
[GC pause (G1 Humongous Allocation) (young) (initial-mark) 352M->345M(512M), 0.0015937 secs]
[GC concurrent-root-region-scan-start]
[GC concurrent-root-region-scan-end, 0.0003905 secs]
[GC concurrent-mark-start]
[GC concurrent-mark-end, 0.0018444 secs]
[GC remark, 0.0013859 secs]
[GC cleanup 370M->370M(512M), 0.0007415 secs]
[GC pause (G1 Evacuation Pause) (young) 407M->359M(512M), 0.0035647 secs]
[GC pause (G1 Evacuation Pause) (mixed) 383M->349M(512M), 0.0063728 secs]
[GC pause (G1 Humongous Allocation) (young) (initial-mark) 350M->349M(512M), 0.0013771 secs]
[GC concurrent-root-region-scan-start]
[GC concurrent-root-region-scan-end, 0.0006150 secs]
[GC concurrent-mark-start]
[GC concurrent-mark-end, 0.0018716 secs]
[GC remark, 0.0012707 secs]
[GC cleanup 375M->375M(512M), 0.0015045 secs]
[GC pause (G1 Evacuation Pause) (young) 404M->362M(512M), 0.0033783 secs]
[GC pause (G1 Evacuation Pause) (mixed) 385M->351M(512M), 0.0055200 secs]
[GC pause (G1 Humongous Allocation) (young) (initial-mark) 359M->352M(512M), 0.0016590 secs]
[GC concurrent-root-region-scan-start]
[GC concurrent-root-region-scan-end, 0.0003781 secs]
[GC concurrent-mark-start]
[GC concurrent-mark-end, 0.0016731 secs]
[GC remark, 0.0013410 secs]
[GC cleanup 373M->373M(512M), 0.0013544 secs]
[GC pause (G1 Evacuation Pause) (young) 412M->366M(512M), 0.0038761 secs]
[GC pause (G1 Evacuation Pause) (mixed) 389M->357M(512M), 0.0062139 secs]
[GC pause (G1 Humongous Allocation) (young) (initial-mark) 359M->358M(512M), 0.0013746 secs]
[GC concurrent-root-region-scan-start]
[GC concurrent-root-region-scan-end, 0.0004216 secs]
[GC concurrent-mark-start]
[GC concurrent-mark-end, 0.0018579 secs]
[GC remark, 0.0012503 secs]
[GC cleanup 382M->382M(512M), 0.0010756 secs]
[GC pause (G1 Evacuation Pause) (young) 407M->370M(512M), 0.0032228 secs]
[GC pause (G1 Evacuation Pause) (mixed) 394M->361M(512M), 0.0059290 secs]
[GC pause (G1 Humongous Allocation) (young) (initial-mark) 362M->361M(512M), 0.0013459 secs]
[GC concurrent-root-region-scan-start]
[GC concurrent-root-region-scan-end, 0.0003011 secs]
[GC concurrent-mark-start]
[GC concurrent-mark-end, 0.0017379 secs]
[GC remark, 0.0012320 secs]
[GC cleanup 387M->387M(512M), 0.0009054 secs]
[GC pause (G1 Evacuation Pause) (young) 416M->378M(512M), 0.0029738 secs]
[GC pause (G1 Evacuation Pause) (mixed) 401M->367M(512M), 0.0061196 secs]
[GC pause (G1 Humongous Allocation) (young) (initial-mark) 370M->368M(512M), 0.0014298 secs]
[GC concurrent-root-region-scan-start]
[GC concurrent-root-region-scan-end, 0.0003389 secs]
[GC concurrent-mark-start]
[GC concurrent-mark-end, 0.0017006 secs]
[GC remark, 0.0012872 secs]
[GC cleanup 387M->387M(512M), 0.0014184 secs]
[GC pause (G1 Evacuation Pause) (young) 406M->380M(512M), 0.0026728 secs]
[GC pause (G1 Evacuation Pause) (mixed) 407M->367M(512M), 0.0064899 secs]
[GC pause (G1 Humongous Allocation) (young) (initial-mark) 369M->367M(512M), 0.0013142 secs]
[GC concurrent-root-region-scan-start]
[GC concurrent-root-region-scan-end, 0.0003605 secs]
[GC concurrent-mark-start]
[GC concurrent-mark-end, 0.0017892 secs]
[GC remark, 0.0013017 secs]
[GC cleanup 394M->394M(512M), 0.0009728 secs]
[GC pause (G1 Evacuation Pause) (young) 405M->380M(512M), 0.0030741 secs]
[GC pause (G1 Evacuation Pause) (mixed) 409M->375M(512M), 0.0056028 secs]
[GC pause (G1 Humongous Allocation) (young) (initial-mark) 381M->376M(512M), 0.0016062 secs]
[GC concurrent-root-region-scan-start]
[GC concurrent-root-region-scan-end, 0.0003430 secs]
[GC concurrent-mark-start]
[GC concurrent-mark-end, 0.0019549 secs]
[GC pause (G1 Evacuation Pause) (young) 407M->384M(512M), 0.0024957 secs]
[GC remark, 0.0013218 secs]
[GC cleanup 386M->386M(512M), 0.0008921 secs]
[GC pause (G1 Evacuation Pause) (young) 415M->394M(512M), 0.0030449 secs]
[GC pause (G1 Evacuation Pause) (mixed)-- 421M->399M(512M), 0.0056845 secs]
[GC pause (G1 Evacuation Pause) (mixed) 427M->408M(512M), 0.0027819 secs]
[GC pause (G1 Humongous Allocation) (young) (initial-mark) 409M->408M(512M), 0.0013021 secs]
[GC concurrent-root-region-scan-start]
[GC concurrent-root-region-scan-end, 0.0002801 secs]
[GC concurrent-mark-start]
[GC concurrent-mark-end, 0.0019234 secs]
[GC remark, 0.0012956 secs]
[GC cleanup 435M->435M(512M), 0.0009753 secs]
[GC pause (G1 Evacuation Pause) (young)-- 446M->433M(512M), 0.0022742 secs]
[GC pause (G1 Humongous Allocation) (mixed)-- 453M->446M(512M), 0.0015433 secs]
[GC pause (G1 Humongous Allocation) (mixed)-- 453M->449M(512M), 0.0017125 secs]
[GC pause (G1 Humongous Allocation) (young) (initial-mark) 451M->450M(512M), 0.0012505 secs]
[GC concurrent-root-region-scan-start]
[GC concurrent-root-region-scan-end, 0.0003673 secs]
[GC concurrent-mark-start]
[GC pause (G1 Evacuation Pause) (young)-- 454M->453M(512M), 0.0013741 secs]
[GC pause (G1 Evacuation Pause) (young)-- 454M->454M(512M), 0.0006476 secs]
[Full GC (Allocation Failure)  454M->332M(512M), 0.0327119 secs]
[GC concurrent-mark-abort]
[GC pause (G1 Humongous Allocation) (young) (initial-mark) 339M->335M(512M), 0.0012496 secs]
[GC concurrent-root-region-scan-start]
[GC concurrent-root-region-scan-end, 0.0003008 secs]
[GC concurrent-mark-start]
[GC concurrent-mark-end, 0.0017428 secs]
[GC remark, 0.0013811 secs]
[GC cleanup 360M->360M(512M), 0.0008962 secs]
[GC pause (G1 Evacuation Pause) (young) 368M->343M(512M), 0.0026682 secs]
[GC pause (G1 Humongous Allocation) (young) (initial-mark) 345M->343M(512M), 0.0015938 secs]
[GC concurrent-root-region-scan-start]
[GC concurrent-root-region-scan-end, 0.0004660 secs]
[GC concurrent-mark-start]
[GC concurrent-mark-end, 0.0020229 secs]
[GC remark, 0.0013975 secs]
[GC cleanup 373M->373M(512M), 0.0011184 secs]
[GC pause (G1 Evacuation Pause) (young) 378M->357M(512M), 0.0028046 secs]
[GC pause (G1 Evacuation Pause) (mixed) 384M->361M(512M), 0.0033793 secs]
[GC pause (G1 Humongous Allocation) (young) (initial-mark) 362M->361M(512M), 0.0015390 secs]
[GC concurrent-root-region-scan-start]
[GC concurrent-root-region-scan-end, 0.0010020 secs]
[GC concurrent-mark-start]
[GC concurrent-mark-end, 0.0019020 secs]
[GC remark, 0.0013870 secs]
[GC cleanup 393M->393M(512M), 0.0010359 secs]
[GC pause (G1 Evacuation Pause) (young) 393M->367M(512M), 0.0021387 secs]
[GC pause (G1 Evacuation Pause) (mixed)-- 391M->379M(512M), 0.0050809 secs]
[GC pause (G1 Humongous Allocation) (young) (initial-mark) 381M->378M(512M), 0.0016975 secs]
[GC concurrent-root-region-scan-start]
[GC concurrent-root-region-scan-end, 0.0004765 secs]
[GC concurrent-mark-start]
[GC concurrent-mark-end, 0.0021030 secs]
[GC remark, 0.0014127 secs]
[GC cleanup 409M->409M(512M), 0.0010595 secs]
[GC pause (G1 Evacuation Pause) (young) 410M->389M(512M), 0.0026602 secs]
[GC pause (G1 Evacuation Pause) (mixed)-- 420M->411M(512M), 0.0029536 secs]
[GC pause (G1 Evacuation Pause) (mixed)-- 427M->421M(512M), 0.0018250 secs]
[GC pause (G1 Humongous Allocation) (young) (initial-mark)-- 428M->426M(512M), 0.0013253 secs]
[GC concurrent-root-region-scan-start]
[GC concurrent-root-region-scan-end, 0.0002889 secs]
[GC concurrent-mark-start]
[GC pause (G1 Evacuation Pause) (young)-- 428M->428M(512M), 0.0012626 secs]
[GC pause (G1 Evacuation Pause) (young)-- 429M->428M(512M), 0.0006320 secs]
[GC pause (G1 Evacuation Pause) (young)-- 429M->429M(512M), 0.0006319 secs]
[Full GC (Allocation Failure)  429M->336M(512M), 0.0325058 secs]
[GC concurrent-mark-abort]
[GC pause (G1 Humongous Allocation) (young) (initial-mark) 342M->337M(512M), 0.0010473 secs]
[GC concurrent-root-region-scan-start]
[GC concurrent-root-region-scan-end, 0.0004778 secs]
[GC concurrent-mark-start]
[GC concurrent-mark-end, 0.0019720 secs]
[GC remark, 0.0013454 secs]
[GC pause (G1 Evacuation Pause) (young) 366M->344M(512M), 0.0023215 secs]
[GC cleanup 345M->345M(512M), 0.0013161 secs]
[GC pause (G1 Evacuation Pause) (young) 373M->350M(512M), 0.0030461 secs]
[GC pause (G1 Humongous Allocation) (young) (initial-mark) 352M->351M(512M), 0.0014757 secs]
[GC concurrent-root-region-scan-start]
[GC concurrent-root-region-scan-end, 0.0004509 secs]
[GC concurrent-mark-start]
[GC concurrent-mark-end, 0.0017799 secs]
[GC remark, 0.0013941 secs]
[GC cleanup 378M->378M(512M), 0.0013819 secs]
[GC pause (G1 Evacuation Pause) (young) 381M->359M(512M), 0.0023032 secs]
[GC pause (G1 Evacuation Pause) (mixed) 384M->360M(512M), 0.0044727 secs]
[GC pause (G1 Humongous Allocation) (young) (initial-mark) 361M->360M(512M), 0.0016929 secs]
[GC concurrent-root-region-scan-start]
[GC concurrent-root-region-scan-end, 0.0004211 secs]
[GC concurrent-mark-start]
[GC concurrent-mark-end, 0.0018739 secs]
[GC remark, 0.0014709 secs]
[GC cleanup 385M->385M(512M), 0.0015813 secs]
[GC pause (G1 Evacuation Pause) (young) 388M->369M(512M), 0.0020760 secs]
执行结束!共生成对象次数:11286